d:\falmouth\random repos\asteroids_prime\asteroids\debug\vc143.pdb
d:\falmouth\random repos\asteroids_prime\asteroids\debug\vc143.idb
d:\falmouth\random repos\asteroids_prime\asteroids\debug\playercontroller.obj
d:\falmouth\random repos\asteroids_prime\asteroids\debug\player.obj
d:\falmouth\random repos\asteroids_prime\asteroids\debug\main.obj
d:\falmouth\random repos\asteroids_prime\asteroids\debug\keybindings.obj
d:\falmouth\random repos\asteroids_prime\asteroids\debug\gamemanager.obj
d:\falmouth\random repos\asteroids_prime\asteroids\debug\asteroid.obj
d:\falmouth\random repos\asteroids_prime\asteroids\debug\actor.obj
d:\falmouth\random repos\asteroids_prime\debug\asteroids.pdb
d:\falmouth\random repos\asteroids_prime\asteroids\debug\asteroids.tlog\cl.command.1.tlog
d:\falmouth\random repos\asteroids_prime\asteroids\debug\asteroids.tlog\cl.read.1.tlog
d:\falmouth\random repos\asteroids_prime\asteroids\debug\asteroids.tlog\cl.write.1.tlog
d:\falmouth\random repos\asteroids_prime\asteroids\debug\asteroids.tlog\link-cvtres.read.1.tlog
d:\falmouth\random repos\asteroids_prime\asteroids\debug\asteroids.tlog\link-cvtres.write.1.tlog
d:\falmouth\random repos\asteroids_prime\asteroids\debug\asteroids.tlog\link-rc.read.1.tlog
d:\falmouth\random repos\asteroids_prime\asteroids\debug\asteroids.tlog\link-rc.write.1.tlog
d:\falmouth\random repos\asteroids_prime\asteroids\debug\asteroids.tlog\link.command.1.tlog
d:\falmouth\random repos\asteroids_prime\asteroids\debug\asteroids.tlog\link.read.1.tlog
d:\falmouth\random repos\asteroids_prime\asteroids\debug\asteroids.tlog\link.write.1.tlog
